// Jest Snapshot v1, https://goo.gl/fbAQLP

exports[`<Selection /> Should render correctly 1`] = `
<div
  className="cards"
>
  <div
    className="cards--top"
  >
    <input
      className="cards--top__search"
      onChange={[Function]}
      placeholder="Search Library"
      type="text"
      value=""
    />
    <div
      className="cards--top__sort"
    >
      <label
        className="cards--top__sort__label"
      >
        Sort By
      </label>
      <select
        className="cards--top__sort__select"
        defaultValue="DEFAULT"
        onChange={[Function]}
      >
        <option
          disabled={true}
          value="DEFAULT"
        >
          None
        </option>
        <option
          value="duration"
        >
          Duration
        </option>
        <option
          value="alphabetical"
        >
          Alphabetical
        </option>
      </select>
    </div>
  </div>
</div>
`;
